// Jest Snapshot v1, https://goo.gl/fbAQLP

exports[`API Tests should match the snapshot for users 1`] = `"Sarah Edo"`;
